// Jest Snapshot v1, https://goo.gl/fbAQLP

exports[`smoke test 1`] = `
<Row
  bsClass="row"
  componentClass="div"
>
  <Col
    bsClass="col"
    componentClass="div"
    xs={6}
  >
    <form
      onSubmit={[Function]}
    >
      <FormGroup
        bsClass="form-group"
      >
        <FormControl
          bsClass="form-control"
          componentClass="input"
          onBlur={[Function]}
          onChange={[Function]}
          onKeyDown={[Function]}
          type="text"
          value={0}
        />
      </FormGroup>
    </form>
  </Col>
  <Col
    bsClass="col"
    className="lighten"
    componentClass="div"
    xs={6}
  />
</Row>
`;
